---
source: tests/constants.rs
expression: bo.bindings
---
// Bindings generated by `windows-bindgen` 0.49.0

#![allow(
    non_snake_case,
    non_upper_case_globals,
    non_camel_case_types,
    dead_code,
    clippy::all
)]
pub const GLU_BEGIN: u32 = 100100u32;
pub const GLU_CCW: u32 = 100121u32;
pub const GL_ADD: u32 = 260u32;
pub const GL_ALL_ATTRIB_BITS: u32 = 1048575u32;

