---
source: tests/constants.rs
expression: bo.bindings
---
// Bindings generated by `windows-bindgen` 0.49.0

#![allow(
    non_snake_case,
    non_upper_case_globals,
    non_camel_case_types,
    dead_code,
    clippy::all
)]
pub const IDC_SIZENESW: PCWSTR = 32643u16 as _;
pub const IDC_SIZENS: PCWSTR = 32645u16 as _;
pub const IDC_SIZENWSE: PCWSTR = 32642u16 as _;
pub const IDC_SIZEWE: PCWSTR = 32644u16 as _;
pub const IDC_UPARROW: PCWSTR = 32516u16 as _;
pub type PWSTR = *mut u16;

