---
source: tests/constants.rs
expression: bo.bindings
---
// Bindings generated by `windows-bindgen` 0.49.0

#![allow(
    non_snake_case,
    non_upper_case_globals,
    non_camel_case_types,
    dead_code,
    clippy::all
)]
pub const ADDRESS_FAMILY_VALUE_NAME: PCWSTR = w!("AddressFamily");
pub type HSTRING = *mut ::core::ffi::c_void;
pub const JOY_CONFIGCHANGED_MSGSTRING: PCSTR = s!("MSJSTICK_VJOYD_MSGSTR");

