---
source: tests/enums.rs
expression: bo.bindings
---
#![allow(
    non_snake_case,
    non_upper_case_globals,
    non_camel_case_types,
    clippy::upper_case_acronyms
)]
pub type Hresult = i32;
pub const SOk: Hresult = 0 as _;

