---
source: tests/enums.rs
expression: bo.bindings
---
// Bindings generated by `windows-bindgen` 0.49.0

#![allow(
    non_snake_case,
    non_upper_case_globals,
    non_camel_case_types,
    dead_code,
    clippy::all
)]
::windows_targets::link!("user32.dll" "system" fn GetMessageW(lpmsg : *mut MSG, hwnd : HWND, wmsgfiltermin : u32, wmsgfiltermax : u32) -> BOOL);
::windows_targets::link!("user32.dll" "system" fn SetWindowPos(hwnd : HWND, hwndinsertafter : HWND, x : i32, y : i32, cx : i32, cy : i32, uflags : SET_WINDOW_POS_FLAGS) -> BOOL);
pub type BOOL = i32;
pub type HWND = isize;
pub const HWND_NOTOPMOST: HWND = -2i32 as _;
pub type LPARAM = isize;
#[repr(C)]
pub struct MSG {
    pub hwnd: HWND,
    pub message: u32,
    pub wParam: WPARAM,
    pub lParam: LPARAM,
    pub time: u32,
    pub pt: POINT,
}
impl ::core::marker::Copy for MSG {}
impl ::core::clone::Clone for MSG {
    fn clone(&self) -> Self {
        *self
    }
}
#[repr(C)]
pub struct POINT {
    pub x: i32,
    pub y: i32,
}
impl ::core::marker::Copy for POINT {}
impl ::core::clone::Clone for POINT {
    fn clone(&self) -> Self {
        *self
    }
}
pub type SET_WINDOW_POS_FLAGS = u32;
pub type WPARAM = usize;

