---
source: tests/functions.rs
expression: bo.bindings
---
// Bindings generated by `windows-bindgen` 0.49.0

#![allow(
    non_snake_case,
    non_upper_case_globals,
    non_camel_case_types,
    dead_code,
    clippy::all
)]
#[cfg(any(target_arch = "aarch64", target_arch = "x86_64"))]
::windows_targets::link!("odbc32.dll" "system" fn SQLBindCol(statementhandle : *mut ::core::ffi::c_void, columnnumber : u16, targettype : i16, targetvalue : *mut ::core::ffi::c_void, bufferlength : i64, strlen_or_ind : *mut i64) -> i16);
#[cfg(any(target_arch = "aarch64", target_arch = "x86_64"))]
::windows_targets::link!("user32.dll" "system" fn GetWindowLongPtrA(hwnd : HWND, nindex : WINDOW_LONG_PTR_INDEX) -> isize);
#[cfg(any(target_arch = "aarch64", target_arch = "x86_64"))]
::windows_targets::link!("user32.dll" "system" fn GetWindowLongPtrW(hwnd : HWND, nindex : WINDOW_LONG_PTR_INDEX) -> isize);
pub type HWND = isize;
pub type WINDOW_LONG_PTR_INDEX = i32;

